stoat vcf -u -v ../tests/test_data/input_data/eqtl/merged_output.vcf.gz --output ../output_eqtl -s ../tests/test_data/input_data/eqtl/snarl_info.tsv 
Loading snarls from ../tests/test_data/input_data/eqtl/snarl_info.tsv
Loading snarl information took 0.270438 s
Retrieving genotypes for all snarls...
Analysing chr : 1
Edge matrix construction for chr 1 : 0.324809 s
Snarl genotypes retrieved in chr 1 : 0.145843 s
Total time for chr 1 : 0.470652 s
Analysing chr : 2
Edge matrix construction for chr 2 : 0.329132 s
Snarl genotypes retrieved in chr 2 : 0.155712 s
Total time for chr 2 : 0.484843 s
Analysing chr : 3
Edge matrix construction for chr 3 : 0.319258 s
Snarl genotypes retrieved in chr 3 : 0.140237 s
Total time for chr 3 : 0.459495 s
Analysing chr : 4
Edge matrix construction for chr 4 : 0.381234 s
Snarl genotypes retrieved in chr 4 : 0.157783 s
Total time for chr 4 : 0.539017 s
Analysing chr : 5
Edge matrix construction for chr 5 : 0.363205 s
Snarl genotypes retrieved in chr 5 : 0.172337 s
Total time for chr 5 : 0.535541 s
Analysing chr : 6
Edge matrix construction for chr 6 : 0.312198 s
Snarl genotypes retrieved in chr 6 : 0.136703 s
Total time for chr 6 : 0.448901 s
Analysing chr : 7
Edge matrix construction for chr 7 : 0.300436 s
Snarl genotypes retrieved in chr 7 : 0.114026 s
Total time for chr 7 : 0.414462 s
Analysing chr : 8
